Traceback (most recent call last):
  File "C:\Users\hp\AppData\Local\Programs\Python\Python313\Lib\site-packages\jupyter_cache\executors\utils.py", line 58, in single_nb_execution
    executenb(
    ~~~~~~~~~^
        nb,
        ^^^
    ...<4 lines>...
        **kwargs,
        ^^^^^^^^^
    )
    ^
  File "C:\Users\hp\AppData\Local\Programs\Python\Python313\Lib\site-packages\nbclient\client.py", line 1314, in execute
    return NotebookClient(nb=nb, resources=resources, km=km, **kwargs).execute()
           ~~~~~~~~~~~~~~~~~~~~~~~~~~~~~~~~~~~~~~~~~~~~~~~~~~~~~~~~~~~~~~~~~~~^^
  File "C:\Users\hp\AppData\Local\Programs\Python\Python313\Lib\site-packages\jupyter_core\utils\__init__.py", line 165, in wrapped
    return loop.run_until_complete(inner)
           ~~~~~~~~~~~~~~~~~~~~~~~^^^^^^^
  File "C:\Users\hp\AppData\Local\Programs\Python\Python313\Lib\asyncio\base_events.py", line 721, in run_until_complete
    return future.result()
           ~~~~~~~~~~~~~^^
  File "C:\Users\hp\AppData\Local\Programs\Python\Python313\Lib\site-packages\nbclient\client.py", line 709, in async_execute
    await self.async_execute_cell(
        cell, index, execution_count=self.code_cells_executed + 1
    )
  File "C:\Users\hp\AppData\Local\Programs\Python\Python313\Lib\site-packages\nbclient\client.py", line 1062, in async_execute_cell
    await self._check_raise_for_error(cell, cell_index, exec_reply)
  File "C:\Users\hp\AppData\Local\Programs\Python\Python313\Lib\site-packages\nbclient\client.py", line 918, in _check_raise_for_error
    raise CellExecutionError.from_cell_and_msg(cell, exec_reply_content)
nbclient.exceptions.CellExecutionError: An error occurred while executing the following cell:
------------------
import nbformat

def quitar_tag_remove_cell(nombre_archivo, tag_a_quitar):
    with open(nombre_archivo, 'r', encoding='utf-8') as f:
        notebook = nbformat.read(f, as_version=4)
    
    modificado = False  # Para verificar si se hicieron cambios
    
    for i, cell in enumerate(notebook.cells):
        # Asegurar que la celda tiene metadata y tags
        if 'metadata' not in cell:
            cell['metadata'] = {}
        if 'tags' not in cell.metadata:
            cell.metadata['tags'] = []

        # Mostrar los tags actuales de la celda
        print(f"Celda {i}: {cell.metadata['tags']}")

        # Si la celda tiene el tag buscado y el tag a quitar, elimínalo
        if tag_a_quitar in cell.metadata['tags']:
            print(f"Eliminando '{tag_a_quitar}' de celda {i}")
            cell.metadata['tags'].remove(tag_a_quitar)
            modificado = True
    
    # Guardar solo si hubo cambios
    if modificado:
        with open(nombre_archivo, 'w', encoding='utf-8') as f:
            nbformat.write(notebook, f)
        print("Se han realizado cambios y guardado el archivo.")
    else:
        print("No se encontraron celdas con los tags especificados o no hubo cambios.")

# Llamar a la función con el archivo que quieres modificar
quitar_tag_remove_cell('Module2Hydrostatics_SolP1.ipynb', 'hide-output')
------------------


[1;31m---------------------------------------------------------------------------[0m
[1;31mFileNotFoundError[0m                         Traceback (most recent call last)
Cell [1;32mIn[1], line 34[0m
[0;32m     31[0m         [38;5;28mprint[39m([38;5;124m"[39m[38;5;124mNo se encontraron celdas con los tags especificados o no hubo cambios.[39m[38;5;124m"[39m)
[0;32m     33[0m [38;5;66;03m# Llamar a la función con el archivo que quieres modificar[39;00m
[1;32m---> 34[0m [43mquitar_tag_remove_cell[49m[43m([49m[38;5;124;43m'[39;49m[38;5;124;43mModule2Hydrostatics_SolP1.ipynb[39;49m[38;5;124;43m'[39;49m[43m,[49m[43m [49m[38;5;124;43m'[39;49m[38;5;124;43mhide-output[39;49m[38;5;124;43m'[39;49m[43m)[49m

Cell [1;32mIn[1], line 4[0m, in [0;36mquitar_tag_remove_cell[1;34m(nombre_archivo, tag_a_quitar)[0m
[0;32m      3[0m [38;5;28;01mdef[39;00m [38;5;21mquitar_tag_remove_cell[39m(nombre_archivo, tag_a_quitar):
[1;32m----> 4[0m     [38;5;28;01mwith[39;00m [38;5;28;43mopen[39;49m[43m([49m[43mnombre_archivo[49m[43m,[49m[43m [49m[38;5;124;43m'[39;49m[38;5;124;43mr[39;49m[38;5;124;43m'[39;49m[43m,[49m[43m [49m[43mencoding[49m[38;5;241;43m=[39;49m[38;5;124;43m'[39;49m[38;5;124;43mutf-8[39;49m[38;5;124;43m'[39;49m[43m)[49m [38;5;28;01mas[39;00m f:
[0;32m      5[0m         notebook [38;5;241m=[39m nbformat[38;5;241m.[39mread(f, as_version[38;5;241m=[39m[38;5;241m4[39m)
[0;32m      7[0m     modificado [38;5;241m=[39m [38;5;28;01mFalse[39;00m  [38;5;66;03m# Para verificar si se hicieron cambios[39;00m

File [1;32m~\AppData\Local\Programs\Python\Python313\Lib\site-packages\IPython\core\interactiveshell.py:324[0m, in [0;36m_modified_open[1;34m(file, *args, **kwargs)[0m
[0;32m    317[0m [38;5;28;01mif[39;00m file [38;5;129;01min[39;00m {[38;5;241m0[39m, [38;5;241m1[39m, [38;5;241m2[39m}:
[0;32m    318[0m     [38;5;28;01mraise[39;00m [38;5;167;01mValueError[39;00m(
[0;32m    319[0m         [38;5;124mf[39m[38;5;124m"[39m[38;5;124mIPython won[39m[38;5;124m'[39m[38;5;124mt let you open fd=[39m[38;5;132;01m{[39;00mfile[38;5;132;01m}[39;00m[38;5;124m by default [39m[38;5;124m"[39m
[0;32m    320[0m         [38;5;124m"[39m[38;5;124mas it is likely to crash IPython. If you know what you are doing, [39m[38;5;124m"[39m
[0;32m    321[0m         [38;5;124m"[39m[38;5;124myou can use builtins[39m[38;5;124m'[39m[38;5;124m open.[39m[38;5;124m"[39m
[0;32m    322[0m     )
[1;32m--> 324[0m [38;5;28;01mreturn[39;00m [43mio_open[49m[43m([49m[43mfile[49m[43m,[49m[43m [49m[38;5;241;43m*[39;49m[43margs[49m[43m,[49m[43m [49m[38;5;241;43m*[39;49m[38;5;241;43m*[39;49m[43mkwargs[49m[43m)[49m

[1;31mFileNotFoundError[0m: [Errno 2] No such file or directory: 'Module2Hydrostatics_SolP1.ipynb'

